// Jest Snapshot v1, https://goo.gl/fbAQLP

exports[`Authorization screen correctly render if authorization don't required 1`] = `null`;

exports[`Authorization screen correctly render if authorization required 1`] = `
<form
  action=""
  className="login__form"
>
  <p
    className="login__field"
  >
    <label
      className="login__label"
      htmlFor="name"
    >
      Логин
    </label>
    <input
      className="login__input"
      id="name"
      name="name"
      type="text"
    />
  </p>
  <p
    className="login__field"
  >
    <label
      className="login__label"
      htmlFor="password"
    >
      Пароль
    </label>
    <input
      className="login__input"
      id="password"
      name="password"
      type="password"
    />
    <span
      className="login__error"
    >
      Неверный пароль
    </span>
  </p>
  <button
    className="login__button button"
    onClick={[Function]}
    type="submit"
  >
    Войти
  </button>
</form>
`;
